#! /usr/bin/vvp
:ivl_version "12.0 (stable)";
:ivl_delay_selection "TYPICAL";
:vpi_time_precision - 10;
:vpi_module "/usr/lib/x86_64-linux-gnu/ivl/system.vpi";
:vpi_module "/usr/lib/x86_64-linux-gnu/ivl/vhdl_sys.vpi";
:vpi_module "/usr/lib/x86_64-linux-gnu/ivl/vhdl_textio.vpi";
:vpi_module "/usr/lib/x86_64-linux-gnu/ivl/v2005_math.vpi";
:vpi_module "/usr/lib/x86_64-linux-gnu/ivl/va_math.vpi";
S_0x5d1d00cbd490 .scope module, "test_not" "test_not" 2 3;
 .timescale -9 -10;
v0x5d1d00d07cb0_0 .var "a", 0 0;
v0x5d1d00d07d50_0 .net "c", 0 0, L_0x5d1d00d07e20;  1 drivers
S_0x5d1d00cbd620 .scope module, "not_0" "m_not" 2 8, 3 1 0, S_0x5d1d00cbd490;
 .timescale -9 -10;
    .port_info 0 /INPUT 1 "in";
    .port_info 1 /OUTPUT 1 "out";
L_0x5d1d00d07e20 .functor NOT 1, v0x5d1d00d07cb0_0, C4<0>, C4<0>, C4<0>;
v0x5d1d00cbd800_0 .net "in", 0 0, v0x5d1d00d07cb0_0;  1 drivers
v0x5d1d00d07b90_0 .net "out", 0 0, L_0x5d1d00d07e20;  alias, 1 drivers
    .scope S_0x5d1d00cbd490;
T_0 ;
    %pushi/vec4 0, 0, 1;
    %store/vec4 v0x5d1d00d07cb0_0, 0, 1;
    %end;
    .thread T_0;
    .scope S_0x5d1d00cbd490;
T_1 ;
    %vpi_call 2 15 "$dumpfile", "wave.vcd" {0 0 0};
    %vpi_call 2 16 "$dumpvars", 32'sb00000000000000000000000000000000, S_0x5d1d00cbd490 {0 0 0};
    %delay 50, 0;
    %pushi/vec4 1, 0, 1;
    %store/vec4 v0x5d1d00d07cb0_0, 0, 1;
    %delay 50, 0;
    %pushi/vec4 0, 0, 1;
    %store/vec4 v0x5d1d00d07cb0_0, 0, 1;
    %delay 50, 0;
    %pushi/vec4 1, 0, 1;
    %store/vec4 v0x5d1d00d07cb0_0, 0, 1;
    %delay 50, 0;
    %pushi/vec4 0, 0, 1;
    %store/vec4 v0x5d1d00d07cb0_0, 0, 1;
    %vpi_call 2 28 "$finish" {0 0 0};
    %end;
    .thread T_1;
    .scope S_0x5d1d00cbd490;
T_2 ;
    %vpi_call 2 32 "$monitor", "t=%-4d: a = %d, c = %d", $time, v0x5d1d00d07cb0_0, v0x5d1d00d07d50_0 {0 0 0};
    %end;
    .thread T_2;
# The file index is used to find the file name in the following table.
:file_names 4;
    "N/A";
    "<interactive>";
    "m_not_tb.v";
    "./m_not.v";
